// Jest Snapshot v1, https://goo.gl/fbAQLP

exports[`<NewPostComponent /> renders correctly 1`] = `
<View>
  <TextInput
    allowFontScaling={true}
    onChangeText={[Function]}
    placeholder="What is on your mind?"
    rejectResponderTermination={true}
    style={
      Object {
        "alignItems": "center",
        "backgroundColor": "#e3d0d8",
        "color": "black",
        "fontSize": 16,
        "paddingBottom": 15,
        "paddingLeft": 14,
        "paddingRight": 14,
        "paddingTop": 15,
        "width": "100%",
      }
    }
    underlineColorAndroid="transparent"
    value=""
  />
  <View
    style={
      Object {
        "alignItems": "flex-end",
        "backgroundColor": "#e3d0d8",
        "color": "#e7e6f7",
      }
    }
  >
    <View
      accessibilityRole="button"
      accessibilityState={Object {}}
      accessible={true}
      focusable={true}
      onClick={[Function]}
      onResponderGrant={[Function]}
      onResponderMove={[Function]}
      onResponderRelease={[Function]}
      onResponderTerminate={[Function]}
      onResponderTerminationRequest={[Function]}
      onStartShouldSetResponder={[Function]}
      style={
        Object {
          "opacity": 1,
        }
      }
    >
      <View
        style={
          Array [
            Object {},
          ]
        }
      >
        <Text
          style={
            Array [
              Object {
                "color": "#007AFF",
                "fontSize": 18,
                "margin": 8,
                "textAlign": "center",
              },
            ]
          }
        >
          Peep
        </Text>
      </View>
    </View>
  </View>
</View>
`;
